  Determining projects to restore...
C:\Users\maiti\OneDrive\Desktop\NET107\Assignment_ASP.NET\Assignment_ASP.NET.Tests\Assignment_ASP.NET.Tests.csproj : warning NU1900: Error occurred while getting package vulnerability data: No such host is known. (api.nuget.org:443)
  All projects are up-to-date for restore.
C:\Users\maiti\OneDrive\Desktop\NET107\Assignment_ASP.NET\Assignment_ASP.NET.Tests\Assignment_ASP.NET.Tests.csproj : warning NU1900: Error occurred while getting package vulnerability data: No such host is known. (api.nuget.org:443)
  Assignment_ASP.NET -> C:\Users\maiti\OneDrive\Desktop\NET107\Assignment_ASP.NET\Assignment_ASP.NET\bin\Debug\net9.0\Assignment_ASP.NET.dll
C:\Users\maiti\OneDrive\Desktop\NET107\Assignment_ASP.NET\Assignment_ASP.NET.Tests\Controllers\AccountControllerTests.cs(85,25): warning CS8602: Dereference of a possibly null reference. [C:\Users\maiti\OneDrive\Desktop\NET107\Assignment_ASP.NET\Assignment_ASP.NET.Tests\Assignment_ASP.NET.Tests.csproj]
C:\Users\maiti\OneDrive\Desktop\NET107\Assignment_ASP.NET\Assignment_ASP.NET.Tests\Controllers\UsersControllerTests.cs(62,25): warning CS8602: Dereference of a possibly null reference. [C:\Users\maiti\OneDrive\Desktop\NET107\Assignment_ASP.NET\Assignment_ASP.NET.Tests\Assignment_ASP.NET.Tests.csproj]
C:\Users\maiti\OneDrive\Desktop\NET107\Assignment_ASP.NET\Assignment_ASP.NET.Tests\Controllers\UsersControllerTests.cs(63,25): warning CS8602: Dereference of a possibly null reference. [C:\Users\maiti\OneDrive\Desktop\NET107\Assignment_ASP.NET\Assignment_ASP.NET.Tests\Assignment_ASP.NET.Tests.csproj]
C:\Users\maiti\OneDrive\Desktop\NET107\Assignment_ASP.NET\Assignment_ASP.NET.Tests\Controllers\CategoriesControllerTests.cs(53,25): warning CS8602: Dereference of a possibly null reference. [C:\Users\maiti\OneDrive\Desktop\NET107\Assignment_ASP.NET\Assignment_ASP.NET.Tests\Assignment_ASP.NET.Tests.csproj]
C:\Users\maiti\OneDrive\Desktop\NET107\Assignment_ASP.NET\Assignment_ASP.NET.Tests\Controllers\CategoriesControllerTests.cs(54,25): warning CS8602: Dereference of a possibly null reference. [C:\Users\maiti\OneDrive\Desktop\NET107\Assignment_ASP.NET\Assignment_ASP.NET.Tests\Assignment_ASP.NET.Tests.csproj]
C:\Users\maiti\OneDrive\Desktop\NET107\Assignment_ASP.NET\Assignment_ASP.NET.Tests\Controllers\CategoriesControllerTests.cs(66,25): warning CS8602: Dereference of a possibly null reference. [C:\Users\maiti\OneDrive\Desktop\NET107\Assignment_ASP.NET\Assignment_ASP.NET.Tests\Assignment_ASP.NET.Tests.csproj]
C:\Users\maiti\OneDrive\Desktop\NET107\Assignment_ASP.NET\Assignment_ASP.NET.Tests\Controllers\CategoriesControllerTests.cs(67,25): warning CS8602: Dereference of a possibly null reference. [C:\Users\maiti\OneDrive\Desktop\NET107\Assignment_ASP.NET\Assignment_ASP.NET.Tests\Assignment_ASP.NET.Tests.csproj]
C:\Users\maiti\OneDrive\Desktop\NET107\Assignment_ASP.NET\Assignment_ASP.NET.Tests\Controllers\CartControllerTests.cs(61,31): warning CS8600: Converting null literal or possible null value to non-nullable type. [C:\Users\maiti\OneDrive\Desktop\NET107\Assignment_ASP.NET\Assignment_ASP.NET.Tests\Assignment_ASP.NET.Tests.csproj]
C:\Users\maiti\OneDrive\Desktop\NET107\Assignment_ASP.NET\Assignment_ASP.NET.Tests\Controllers\CartControllerTests.cs(62,80): warning CS8600: Converting null literal or possible null value to non-nullable type. [C:\Users\maiti\OneDrive\Desktop\NET107\Assignment_ASP.NET\Assignment_ASP.NET.Tests\Assignment_ASP.NET.Tests.csproj]
C:\Users\maiti\OneDrive\Desktop\NET107\Assignment_ASP.NET\Assignment_ASP.NET.Tests\Controllers\UsersControllerTests.cs(78,25): warning CS8602: Dereference of a possibly null reference. [C:\Users\maiti\OneDrive\Desktop\NET107\Assignment_ASP.NET\Assignment_ASP.NET.Tests\Assignment_ASP.NET.Tests.csproj]
C:\Users\maiti\OneDrive\Desktop\NET107\Assignment_ASP.NET\Assignment_ASP.NET.Tests\Controllers\CategoriesControllerTests.cs(97,25): warning CS8602: Dereference of a possibly null reference. [C:\Users\maiti\OneDrive\Desktop\NET107\Assignment_ASP.NET\Assignment_ASP.NET.Tests\Assignment_ASP.NET.Tests.csproj]
C:\Users\maiti\OneDrive\Desktop\NET107\Assignment_ASP.NET\Assignment_ASP.NET.Tests\Controllers\UsersControllerTests.cs(101,25): warning CS8602: Dereference of a possibly null reference. [C:\Users\maiti\OneDrive\Desktop\NET107\Assignment_ASP.NET\Assignment_ASP.NET.Tests\Assignment_ASP.NET.Tests.csproj]
C:\Users\maiti\OneDrive\Desktop\NET107\Assignment_ASP.NET\Assignment_ASP.NET.Tests\Controllers\UsersControllerTests.cs(127,25): warning CS8602: Dereference of a possibly null reference. [C:\Users\maiti\OneDrive\Desktop\NET107\Assignment_ASP.NET\Assignment_ASP.NET.Tests\Assignment_ASP.NET.Tests.csproj]
C:\Users\maiti\OneDrive\Desktop\NET107\Assignment_ASP.NET\Assignment_ASP.NET.Tests\Controllers\AccountControllerTests.cs(112,25): warning CS8602: Dereference of a possibly null reference. [C:\Users\maiti\OneDrive\Desktop\NET107\Assignment_ASP.NET\Assignment_ASP.NET.Tests\Assignment_ASP.NET.Tests.csproj]
C:\Users\maiti\OneDrive\Desktop\NET107\Assignment_ASP.NET\Assignment_ASP.NET.Tests\Controllers\AccountControllerTests.cs(131,25): warning CS8602: Dereference of a possibly null reference. [C:\Users\maiti\OneDrive\Desktop\NET107\Assignment_ASP.NET\Assignment_ASP.NET.Tests\Assignment_ASP.NET.Tests.csproj]
C:\Users\maiti\OneDrive\Desktop\NET107\Assignment_ASP.NET\Assignment_ASP.NET.Tests\Controllers\CheckoutControllerTests.cs(80,25): warning CS8602: Dereference of a possibly null reference. [C:\Users\maiti\OneDrive\Desktop\NET107\Assignment_ASP.NET\Assignment_ASP.NET.Tests\Assignment_ASP.NET.Tests.csproj]
C:\Users\maiti\OneDrive\Desktop\NET107\Assignment_ASP.NET\Assignment_ASP.NET.Tests\Controllers\CheckoutControllerTests.cs(82,25): warning CS8602: Dereference of a possibly null reference. [C:\Users\maiti\OneDrive\Desktop\NET107\Assignment_ASP.NET\Assignment_ASP.NET.Tests\Assignment_ASP.NET.Tests.csproj]
C:\Users\maiti\OneDrive\Desktop\NET107\Assignment_ASP.NET\Assignment_ASP.NET.Tests\Controllers\CartControllerTests.cs(93,17): warning CS8604: Possible null reference argument for parameter 'source' in 'CartItem Enumerable.First<CartItem>(IEnumerable<CartItem> source)'. [C:\Users\maiti\OneDrive\Desktop\NET107\Assignment_ASP.NET\Assignment_ASP.NET.Tests\Assignment_ASP.NET.Tests.csproj]
C:\Users\maiti\OneDrive\Desktop\NET107\Assignment_ASP.NET\Assignment_ASP.NET.Tests\Controllers\CartControllerTests.cs(93,17): error CS0854: An expression tree may not contain a call or invocation that uses optional arguments [C:\Users\maiti\OneDrive\Desktop\NET107\Assignment_ASP.NET\Assignment_ASP.NET.Tests\Assignment_ASP.NET.Tests.csproj]
C:\Users\maiti\OneDrive\Desktop\NET107\Assignment_ASP.NET\Assignment_ASP.NET.Tests\Controllers\CheckoutControllerTests.cs(89,31): warning CS8600: Converting null literal or possible null value to non-nullable type. [C:\Users\maiti\OneDrive\Desktop\NET107\Assignment_ASP.NET\Assignment_ASP.NET.Tests\Assignment_ASP.NET.Tests.csproj]
C:\Users\maiti\OneDrive\Desktop\NET107\Assignment_ASP.NET\Assignment_ASP.NET.Tests\Controllers\CheckoutControllerTests.cs(90,80): warning CS8600: Converting null literal or possible null value to non-nullable type. [C:\Users\maiti\OneDrive\Desktop\NET107\Assignment_ASP.NET\Assignment_ASP.NET.Tests\Assignment_ASP.NET.Tests.csproj]
C:\Users\maiti\OneDrive\Desktop\NET107\Assignment_ASP.NET\Assignment_ASP.NET.Tests\Controllers\CheckoutControllerTests.cs(98,25): warning CS8602: Dereference of a possibly null reference. [C:\Users\maiti\OneDrive\Desktop\NET107\Assignment_ASP.NET\Assignment_ASP.NET.Tests\Assignment_ASP.NET.Tests.csproj]
C:\Users\maiti\OneDrive\Desktop\NET107\Assignment_ASP.NET\Assignment_ASP.NET.Tests\Controllers\CartControllerTests.cs(118,17): warning CS8602: Dereference of a possibly null reference. [C:\Users\maiti\OneDrive\Desktop\NET107\Assignment_ASP.NET\Assignment_ASP.NET.Tests\Assignment_ASP.NET.Tests.csproj]
C:\Users\maiti\OneDrive\Desktop\NET107\Assignment_ASP.NET\Assignment_ASP.NET.Tests\Controllers\CartControllerTests.cs(118,17): error CS0854: An expression tree may not contain a call or invocation that uses optional arguments [C:\Users\maiti\OneDrive\Desktop\NET107\Assignment_ASP.NET\Assignment_ASP.NET.Tests\Assignment_ASP.NET.Tests.csproj]
C:\Users\maiti\OneDrive\Desktop\NET107\Assignment_ASP.NET\Assignment_ASP.NET.Tests\Controllers\CheckoutControllerTests.cs(117,25): warning CS8602: Dereference of a possibly null reference. [C:\Users\maiti\OneDrive\Desktop\NET107\Assignment_ASP.NET\Assignment_ASP.NET.Tests\Assignment_ASP.NET.Tests.csproj]
C:\Users\maiti\OneDrive\Desktop\NET107\Assignment_ASP.NET\Assignment_ASP.NET.Tests\Controllers\CartControllerTests.cs(142,17): warning CS8604: Possible null reference argument for parameter 'source' in 'CartItem Enumerable.First<CartItem>(IEnumerable<CartItem> source)'. [C:\Users\maiti\OneDrive\Desktop\NET107\Assignment_ASP.NET\Assignment_ASP.NET.Tests\Assignment_ASP.NET.Tests.csproj]
C:\Users\maiti\OneDrive\Desktop\NET107\Assignment_ASP.NET\Assignment_ASP.NET.Tests\Controllers\CartControllerTests.cs(142,17): error CS0854: An expression tree may not contain a call or invocation that uses optional arguments [C:\Users\maiti\OneDrive\Desktop\NET107\Assignment_ASP.NET\Assignment_ASP.NET.Tests\Assignment_ASP.NET.Tests.csproj]
C:\Users\maiti\OneDrive\Desktop\NET107\Assignment_ASP.NET\Assignment_ASP.NET.Tests\Controllers\CheckoutControllerTests.cs(140,31): warning CS8600: Converting null literal or possible null value to non-nullable type. [C:\Users\maiti\OneDrive\Desktop\NET107\Assignment_ASP.NET\Assignment_ASP.NET.Tests\Assignment_ASP.NET.Tests.csproj]
C:\Users\maiti\OneDrive\Desktop\NET107\Assignment_ASP.NET\Assignment_ASP.NET.Tests\Controllers\CheckoutControllerTests.cs(141,80): warning CS8600: Converting null literal or possible null value to non-nullable type. [C:\Users\maiti\OneDrive\Desktop\NET107\Assignment_ASP.NET\Assignment_ASP.NET.Tests\Assignment_ASP.NET.Tests.csproj]
C:\Users\maiti\OneDrive\Desktop\NET107\Assignment_ASP.NET\Assignment_ASP.NET.Tests\Controllers\CheckoutControllerTests.cs(149,25): warning CS8602: Dereference of a possibly null reference. [C:\Users\maiti\OneDrive\Desktop\NET107\Assignment_ASP.NET\Assignment_ASP.NET.Tests\Assignment_ASP.NET.Tests.csproj]
C:\Users\maiti\OneDrive\Desktop\NET107\Assignment_ASP.NET\Assignment_ASP.NET.Tests\Controllers\HomeControllerTests.cs(53,50): warning CS8625: Cannot convert null literal to non-nullable reference type. [C:\Users\maiti\OneDrive\Desktop\NET107\Assignment_ASP.NET\Assignment_ASP.NET.Tests\Assignment_ASP.NET.Tests.csproj]
C:\Users\maiti\OneDrive\Desktop\NET107\Assignment_ASP.NET\Assignment_ASP.NET.Tests\Controllers\HomeControllerTests.cs(58,25): warning CS8602: Dereference of a possibly null reference. [C:\Users\maiti\OneDrive\Desktop\NET107\Assignment_ASP.NET\Assignment_ASP.NET.Tests\Assignment_ASP.NET.Tests.csproj]
C:\Users\maiti\OneDrive\Desktop\NET107\Assignment_ASP.NET\Assignment_ASP.NET.Tests\Controllers\HomeControllerTests.cs(61,25): warning CS8602: Dereference of a possibly null reference. [C:\Users\maiti\OneDrive\Desktop\NET107\Assignment_ASP.NET\Assignment_ASP.NET.Tests\Assignment_ASP.NET.Tests.csproj]
C:\Users\maiti\OneDrive\Desktop\NET107\Assignment_ASP.NET\Assignment_ASP.NET.Tests\Controllers\HomeControllerTests.cs(73,25): warning CS8602: Dereference of a possibly null reference. [C:\Users\maiti\OneDrive\Desktop\NET107\Assignment_ASP.NET\Assignment_ASP.NET.Tests\Assignment_ASP.NET.Tests.csproj]
C:\Users\maiti\OneDrive\Desktop\NET107\Assignment_ASP.NET\Assignment_ASP.NET.Tests\Controllers\HomeControllerTests.cs(75,25): warning CS8602: Dereference of a possibly null reference. [C:\Users\maiti\OneDrive\Desktop\NET107\Assignment_ASP.NET\Assignment_ASP.NET.Tests\Assignment_ASP.NET.Tests.csproj]
C:\Users\maiti\OneDrive\Desktop\NET107\Assignment_ASP.NET\Assignment_ASP.NET.Tests\Controllers\OrdersControllerTests.cs(62,25): warning CS8602: Dereference of a possibly null reference. [C:\Users\maiti\OneDrive\Desktop\NET107\Assignment_ASP.NET\Assignment_ASP.NET.Tests\Assignment_ASP.NET.Tests.csproj]
C:\Users\maiti\OneDrive\Desktop\NET107\Assignment_ASP.NET\Assignment_ASP.NET.Tests\Controllers\OrdersControllerTests.cs(63,25): warning CS8602: Dereference of a possibly null reference. [C:\Users\maiti\OneDrive\Desktop\NET107\Assignment_ASP.NET\Assignment_ASP.NET.Tests\Assignment_ASP.NET.Tests.csproj]
C:\Users\maiti\OneDrive\Desktop\NET107\Assignment_ASP.NET\Assignment_ASP.NET.Tests\Controllers\HomeControllerTests.cs(83,50): warning CS8625: Cannot convert null literal to non-nullable reference type. [C:\Users\maiti\OneDrive\Desktop\NET107\Assignment_ASP.NET\Assignment_ASP.NET.Tests\Assignment_ASP.NET.Tests.csproj]
C:\Users\maiti\OneDrive\Desktop\NET107\Assignment_ASP.NET\Assignment_ASP.NET.Tests\Controllers\HomeControllerTests.cs(87,25): warning CS8602: Dereference of a possibly null reference. [C:\Users\maiti\OneDrive\Desktop\NET107\Assignment_ASP.NET\Assignment_ASP.NET.Tests\Assignment_ASP.NET.Tests.csproj]
C:\Users\maiti\OneDrive\Desktop\NET107\Assignment_ASP.NET\Assignment_ASP.NET.Tests\Controllers\HomeControllerTests.cs(89,25): warning CS8602: Dereference of a possibly null reference. [C:\Users\maiti\OneDrive\Desktop\NET107\Assignment_ASP.NET\Assignment_ASP.NET.Tests\Assignment_ASP.NET.Tests.csproj]
C:\Users\maiti\OneDrive\Desktop\NET107\Assignment_ASP.NET\Assignment_ASP.NET.Tests\Controllers\ProductsControllerTests.cs(61,25): warning CS8602: Dereference of a possibly null reference. [C:\Users\maiti\OneDrive\Desktop\NET107\Assignment_ASP.NET\Assignment_ASP.NET.Tests\Assignment_ASP.NET.Tests.csproj]
C:\Users\maiti\OneDrive\Desktop\NET107\Assignment_ASP.NET\Assignment_ASP.NET.Tests\Controllers\ProductsControllerTests.cs(62,25): warning CS8602: Dereference of a possibly null reference. [C:\Users\maiti\OneDrive\Desktop\NET107\Assignment_ASP.NET\Assignment_ASP.NET.Tests\Assignment_ASP.NET.Tests.csproj]
C:\Users\maiti\OneDrive\Desktop\NET107\Assignment_ASP.NET\Assignment_ASP.NET.Tests\Controllers\OrdersControllerTests.cs(75,25): warning CS8602: Dereference of a possibly null reference. [C:\Users\maiti\OneDrive\Desktop\NET107\Assignment_ASP.NET\Assignment_ASP.NET.Tests\Assignment_ASP.NET.Tests.csproj]
C:\Users\maiti\OneDrive\Desktop\NET107\Assignment_ASP.NET\Assignment_ASP.NET.Tests\Controllers\OrdersControllerTests.cs(76,25): warning CS8602: Dereference of a possibly null reference. [C:\Users\maiti\OneDrive\Desktop\NET107\Assignment_ASP.NET\Assignment_ASP.NET.Tests\Assignment_ASP.NET.Tests.csproj]
C:\Users\maiti\OneDrive\Desktop\NET107\Assignment_ASP.NET\Assignment_ASP.NET.Tests\Controllers\RolesControllerTests.cs(53,25): warning CS8602: Dereference of a possibly null reference. [C:\Users\maiti\OneDrive\Desktop\NET107\Assignment_ASP.NET\Assignment_ASP.NET.Tests\Assignment_ASP.NET.Tests.csproj]
C:\Users\maiti\OneDrive\Desktop\NET107\Assignment_ASP.NET\Assignment_ASP.NET.Tests\Controllers\RolesControllerTests.cs(54,25): warning CS8602: Dereference of a possibly null reference. [C:\Users\maiti\OneDrive\Desktop\NET107\Assignment_ASP.NET\Assignment_ASP.NET.Tests\Assignment_ASP.NET.Tests.csproj]
C:\Users\maiti\OneDrive\Desktop\NET107\Assignment_ASP.NET\Assignment_ASP.NET.Tests\Controllers\HomeControllerTests.cs(102,25): warning CS8602: Dereference of a possibly null reference. [C:\Users\maiti\OneDrive\Desktop\NET107\Assignment_ASP.NET\Assignment_ASP.NET.Tests\Assignment_ASP.NET.Tests.csproj]
C:\Users\maiti\OneDrive\Desktop\NET107\Assignment_ASP.NET\Assignment_ASP.NET.Tests\Controllers\HomeControllerTests.cs(105,25): warning CS8602: Dereference of a possibly null reference. [C:\Users\maiti\OneDrive\Desktop\NET107\Assignment_ASP.NET\Assignment_ASP.NET.Tests\Assignment_ASP.NET.Tests.csproj]
C:\Users\maiti\OneDrive\Desktop\NET107\Assignment_ASP.NET\Assignment_ASP.NET.Tests\Controllers\ProductsControllerTests.cs(74,25): warning CS8602: Dereference of a possibly null reference. [C:\Users\maiti\OneDrive\Desktop\NET107\Assignment_ASP.NET\Assignment_ASP.NET.Tests\Assignment_ASP.NET.Tests.csproj]
C:\Users\maiti\OneDrive\Desktop\NET107\Assignment_ASP.NET\Assignment_ASP.NET.Tests\Controllers\ProductsControllerTests.cs(75,25): warning CS8602: Dereference of a possibly null reference. [C:\Users\maiti\OneDrive\Desktop\NET107\Assignment_ASP.NET\Assignment_ASP.NET.Tests\Assignment_ASP.NET.Tests.csproj]
C:\Users\maiti\OneDrive\Desktop\NET107\Assignment_ASP.NET\Assignment_ASP.NET.Tests\Controllers\OrdersControllerTests.cs(93,25): warning CS8602: Dereference of a possibly null reference. [C:\Users\maiti\OneDrive\Desktop\NET107\Assignment_ASP.NET\Assignment_ASP.NET.Tests\Assignment_ASP.NET.Tests.csproj]
C:\Users\maiti\OneDrive\Desktop\NET107\Assignment_ASP.NET\Assignment_ASP.NET.Tests\Controllers\RolesControllerTests.cs(99,25): warning CS8602: Dereference of a possibly null reference. [C:\Users\maiti\OneDrive\Desktop\NET107\Assignment_ASP.NET\Assignment_ASP.NET.Tests\Assignment_ASP.NET.Tests.csproj]
C:\Users\maiti\OneDrive\Desktop\NET107\Assignment_ASP.NET\Assignment_ASP.NET.Tests\Controllers\ProductsControllerTests.cs(108,25): warning CS8602: Dereference of a possibly null reference. [C:\Users\maiti\OneDrive\Desktop\NET107\Assignment_ASP.NET\Assignment_ASP.NET.Tests\Assignment_ASP.NET.Tests.csproj]
C:\Users\maiti\OneDrive\Desktop\NET107\Assignment_ASP.NET\Assignment_ASP.NET.Tests\Controllers\ProductsControllerTests.cs(129,25): warning CS8602: Dereference of a possibly null reference. [C:\Users\maiti\OneDrive\Desktop\NET107\Assignment_ASP.NET\Assignment_ASP.NET.Tests\Assignment_ASP.NET.Tests.csproj]
C:\Users\maiti\OneDrive\Desktop\NET107\Assignment_ASP.NET\Assignment_ASP.NET.Tests\Controllers\ProductsControllerTests.cs(132,25): warning CS8602: Dereference of a possibly null reference. [C:\Users\maiti\OneDrive\Desktop\NET107\Assignment_ASP.NET\Assignment_ASP.NET.Tests\Assignment_ASP.NET.Tests.csproj]

Workload updates are available. Run `dotnet workload list` for more information.
